#-----------------------------------------------------------
# Vivado v2015.3 (64-bit)
# SW Build 1368829 on Mon Sep 28 20:06:43 MDT 2015
# IP Build 1367837 on Mon Sep 28 08:56:14 MDT 2015
# Start of session at: Mon Dec 16 20:29:25 2019
# Process ID: 24148
# Current directory: D:/A_GW/Courses/Computer_organization/lab/vivado/PipelineCPU
# Command line: vivado.exe -gui_launcher_event rodinguilauncherevent18716 D:\A_GW\Courses\Computer_organization\lab\vivado\PipelineCPU\PipelineCPU.xpr
# Log file: D:/A_GW/Courses/Computer_organization/lab/vivado/PipelineCPU/vivado.log
# Journal file: D:/A_GW/Courses/Computer_organization/lab/vivado/PipelineCPU\vivado.jou
#-----------------------------------------------------------
start_gui
open_project D:/A_GW/Courses/Computer_organization/lab/vivado/PipelineCPU/PipelineCPU.xpr
launch_simulation
open_wave_config D:/A_GW/Courses/Computer_organization/lab/vivado/PipelineCPU/pipelineCPU_sim_behav.wcfg
source pipelineCPU_sim.tcl
add_wave {{/pipelineCPU_sim/uut/WriteData}} 
save_wave_config {D:/A_GW/Courses/Computer_organization/lab/vivado/PipelineCPU/pipelineCPU_sim_behav.wcfg}
close_sim
launch_simulation
open_wave_config D:/A_GW/Courses/Computer_organization/lab/vivado/PipelineCPU/pipelineCPU_sim_behav.wcfg
source pipelineCPU_sim.tcl
add_wave {{/pipelineCPU_sim/uut/Pipeline_Core_1/ROM_1/addr}} 
add_wave {{/pipelineCPU_sim/uut/Pipeline_Core_1/ROM_1/data}} 
save_wave_config {D:/A_GW/Courses/Computer_organization/lab/vivado/PipelineCPU/pipelineCPU_sim_behav.wcfg}
close_sim
launch_simulation
open_wave_config D:/A_GW/Courses/Computer_organization/lab/vivado/PipelineCPU/pipelineCPU_sim_behav.wcfg
source pipelineCPU_sim.tcl
close_sim
launch_simulation
open_wave_config D:/A_GW/Courses/Computer_organization/lab/vivado/PipelineCPU/pipelineCPU_sim_behav.wcfg
source pipelineCPU_sim.tcl
close_sim
launch_simulation
launch_simulation
open_wave_config D:/A_GW/Courses/Computer_organization/lab/vivado/PipelineCPU/pipelineCPU_sim_behav.wcfg
source pipelineCPU_sim.tcl
close_sim
launch_simulation
open_wave_config D:/A_GW/Courses/Computer_organization/lab/vivado/PipelineCPU/pipelineCPU_sim_behav.wcfg
source pipelineCPU_sim.tcl
add_wave {{/pipelineCPU_sim/uut/Pipeline_Core_1/ALU_1/Z}} 
save_wave_config {D:/A_GW/Courses/Computer_organization/lab/vivado/PipelineCPU/pipelineCPU_sim_behav.wcfg}
close_sim
launch_simulation
open_wave_config D:/A_GW/Courses/Computer_organization/lab/vivado/PipelineCPU/pipelineCPU_sim_behav.wcfg
source pipelineCPU_sim.tcl
add_wave {{/pipelineCPU_sim/uut/Pipeline_Core_1/ID_Instruct}} 
save_wave_config {D:/A_GW/Courses/Computer_organization/lab/vivado/PipelineCPU/pipelineCPU_sim_behav.wcfg}
close_sim
launch_simulation
open_wave_config D:/A_GW/Courses/Computer_organization/lab/vivado/PipelineCPU/pipelineCPU_sim_behav.wcfg
source pipelineCPU_sim.tcl
add_wave {{/pipelineCPU_sim/uut/Pipeline_Core_1/ALU_1/ALUFun}} 
add_wave {{/pipelineCPU_sim/uut/Pipeline_Core_1/ALU_1/A}} 
add_wave {{/pipelineCPU_sim/uut/Pipeline_Core_1/ALU_1/B}} 
save_wave_config {D:/A_GW/Courses/Computer_organization/lab/vivado/PipelineCPU/pipelineCPU_sim_behav.wcfg}
close_sim
launch_simulation
open_wave_config D:/A_GW/Courses/Computer_organization/lab/vivado/PipelineCPU/pipelineCPU_sim_behav.wcfg
source pipelineCPU_sim.tcl
add_wave {{/pipelineCPU_sim/uut/Pipeline_Core_1/EX_ALUSrc1}} 
add_wave {{/pipelineCPU_sim/uut/Pipeline_Core_1/EX_ALUSrc2}} 
add_wave {{/pipelineCPU_sim/uut/Pipeline_Core_1/EX_LUOut}} 
save_wave_config {D:/A_GW/Courses/Computer_organization/lab/vivado/PipelineCPU/pipelineCPU_sim_behav.wcfg}
close_sim
launch_simulation
open_wave_config D:/A_GW/Courses/Computer_organization/lab/vivado/PipelineCPU/pipelineCPU_sim_behav.wcfg
source pipelineCPU_sim.tcl
close_sim
launch_simulation
open_wave_config D:/A_GW/Courses/Computer_organization/lab/vivado/PipelineCPU/pipelineCPU_sim_behav.wcfg
source pipelineCPU_sim.tcl
add_wave {{/pipelineCPU_sim/uut/Pipeline_Core_1/RegFile_1/RF_data}} 
save_wave_config {D:/A_GW/Courses/Computer_organization/lab/vivado/PipelineCPU/pipelineCPU_sim_behav.wcfg}
close_sim
launch_simulation
open_wave_config D:/A_GW/Courses/Computer_organization/lab/vivado/PipelineCPU/pipelineCPU_sim_behav.wcfg
source pipelineCPU_sim.tcl
add_wave {{/pipelineCPU_sim/uut/Pipeline_Core_1/RegFile_1/addr3}} 
save_wave_config {D:/A_GW/Courses/Computer_organization/lab/vivado/PipelineCPU/pipelineCPU_sim_behav.wcfg}
close_sim
launch_simulation
open_wave_config D:/A_GW/Courses/Computer_organization/lab/vivado/PipelineCPU/pipelineCPU_sim_behav.wcfg
source pipelineCPU_sim.tcl
add_wave {{/pipelineCPU_sim/uut/Pipeline_Core_1/RegFile_1/data3}} 
save_wave_config {D:/A_GW/Courses/Computer_organization/lab/vivado/PipelineCPU/pipelineCPU_sim_behav.wcfg}
close_sim
launch_simulation
open_wave_config D:/A_GW/Courses/Computer_organization/lab/vivado/PipelineCPU/pipelineCPU_sim_behav.wcfg
source pipelineCPU_sim.tcl
add_wave {{/pipelineCPU_sim/uut/Pipeline_Core_1/WB_DataBusC}} 
add_wave {{/pipelineCPU_sim/uut/Pipeline_Core_1/MEM_MemToReg}} 
save_wave_config {D:/A_GW/Courses/Computer_organization/lab/vivado/PipelineCPU/pipelineCPU_sim_behav.wcfg}
close_sim
launch_simulation
open_wave_config D:/A_GW/Courses/Computer_organization/lab/vivado/PipelineCPU/pipelineCPU_sim_behav.wcfg
source pipelineCPU_sim.tcl
add_wave {{/pipelineCPU_sim/uut/Pipeline_Core_1/MEM_MemReadData}} 
add_wave {{/pipelineCPU_sim/uut/Pipeline_Core_1/MEM_PC_add_4}} 
add_wave {{/pipelineCPU_sim/uut/Pipeline_Core_1/WB_MemToReg}} 
add_wave {{/pipelineCPU_sim/uut/Pipeline_Core_1/WB_MemReadData}} 
add_wave {{/pipelineCPU_sim/uut/Pipeline_Core_1/WB_PC_add_4}} 
save_wave_config {D:/A_GW/Courses/Computer_organization/lab/vivado/PipelineCPU/pipelineCPU_sim_behav.wcfg}
close_sim
launch_simulation
open_wave_config D:/A_GW/Courses/Computer_organization/lab/vivado/PipelineCPU/pipelineCPU_sim_behav.wcfg
source pipelineCPU_sim.tcl
save_wave_config {D:/A_GW/Courses/Computer_organization/lab/vivado/PipelineCPU/pipelineCPU_sim_behav.wcfg}
close_sim
launch_simulation
open_wave_config D:/A_GW/Courses/Computer_organization/lab/vivado/PipelineCPU/pipelineCPU_sim_behav.wcfg
source pipelineCPU_sim.tcl
add_wave {{/pipelineCPU_sim/uut/Pipeline_Core_1/RegFile_1/RF_data}} 
add_wave {{/pipelineCPU_sim/uut/Pipeline_Core_1/RegFile_1/addr3}} 
add_wave {{/pipelineCPU_sim/uut/Pipeline_Core_1/RegFile_1/data3}} 
save_wave_config {D:/A_GW/Courses/Computer_organization/lab/vivado/PipelineCPU/pipelineCPU_sim_behav.wcfg}
close_sim
launch_simulation
open_wave_config D:/A_GW/Courses/Computer_organization/lab/vivado/PipelineCPU/pipelineCPU_sim_behav.wcfg
source pipelineCPU_sim.tcl
add_wave {{/pipelineCPU_sim/uut/Pipeline_Core_1/WB_DataBusC}} 
add_wave {{/pipelineCPU_sim/uut/Pipeline_Core_1/MEM_MemReadData}} 
add_wave {{/pipelineCPU_sim/uut/Pipeline_Core_1/ReadData}} 
save_wave_config {D:/A_GW/Courses/Computer_organization/lab/vivado/PipelineCPU/pipelineCPU_sim_behav.wcfg}
close_sim
launch_simulation
open_wave_config D:/A_GW/Courses/Computer_organization/lab/vivado/PipelineCPU/pipelineCPU_sim_behav.wcfg
source pipelineCPU_sim.tcl
save_wave_config {D:/A_GW/Courses/Computer_organization/lab/vivado/PipelineCPU/pipelineCPU_sim_behav.wcfg}
close_sim
launch_simulation
open_wave_config D:/A_GW/Courses/Computer_organization/lab/vivado/PipelineCPU/pipelineCPU_sim_behav.wcfg
source pipelineCPU_sim.tcl
close_sim
